 shellkit logs 1 entries  [unified]
 call:loop-col  step:stream-test  → host-1  10:06:57  10.1s
▎  OK  05-16 10:06 10.1s                         │ │ ✓ echo "starting stream..."                                                                               
▎ stream-test [ssh] → host-1                     │ │ ▐ starting stream...                                                                                      
▎ echo "starting stream..."                      │ │ ╌╌╌╌╌╌╌╌╌╌╌╌╌╌╌╌╌╌╌╌╌╌╌╌╌╌╌╌╌╌╌╌╌╌╌╌╌╌╌╌╌╌╌╌╌╌╌╌╌╌╌╌╌╌╌╌╌╌╌╌╌╌╌╌╌╌╌╌╌╌╌╌╌╌╌╌╌╌╌╌╌╌╌╌╌╌╌╌╌╌╌╌╌╌╌╌╌╌╌╌ 4.39s
──────────────────────────────────────────────── │ │ ✓ for i in $(seq 1 20); do                                                                                
                                                 │ │       ↻ for i in $(seq 1 20)                                                           [×20]  ~0.27s/iter 
                                                 │ │ ╌╌╌╌╌╌╌╌╌╌╌╌╌╌╌╌╌╌╌╌╌╌╌╌╌╌╌╌╌╌╌╌╌╌╌╌╌╌╌╌╌╌╌╌╌╌╌╌╌╌╌╌╌╌╌╌╌╌╌╌╌╌╌╌╌╌╌╌╌╌╌╌╌╌╌╌╌╌╌╌╌╌╌╌╌╌╌╌╌╌╌╌╌╌╌╌╌╌╌╌ 9.81s
                                                 │ │ ✓ echo "line $i: $(date +%H:%M:%S) — load: $(cat /proc/loadavg | cut -d' ' -f1-3)"                        
                                                 │ │       ↻ echo "line $i: $(date +%H:%M:%S) — load: $(cat /proc/loadavg | cut -d' ' -~    [×20]  ~0.27s/iter 
                                                 │ │ ▐ line 1: 18:07:01 — load: 0.00 0.02 0.00                                                                 
                                                 │ │ ▐ line 2: 18:07:01 — load: 0.00 0.02 0.00                                                                 
                                                 │ │ ▐ line 3: 18:07:02 — load: 0.00 0.02 0.00                                                                 
                                                 │ │ ▐ line 4: 18:07:02 — load: 0.00 0.02 0.00                                                                 
                                                 │ │ ▐ line 5: 18:07:02 — load: 0.00 0.02 0.00                                                                 
                                                 │ │ ▐ line 6: 18:07:02 — load: 0.00 0.02 0.00                                                                 
                                                 │ │ ▐ line 7: 18:07:03 — load: 0.00 0.02 0.00                                                                 
                                                 │ │ ▐ line 8: 18:07:03 — load: 0.00 0.02 0.00                                                                 
                                                 │ │ ▐ line 9: 18:07:03 — load: 0.00 0.02 0.00                                                                 
                                                 │ │ ▐ line 10: 18:07:04 — load: 0.00 0.02 0.00                                                                
                                                 │ │ ▐ line 11: 18:07:04 — load: 0.00 0.02 0.00                                                                
                                                 │ │ ▐ line 12: 18:07:04 — load: 0.00 0.02 0.00                                                                
                                                 │ │ ▐ line 13: 18:07:05 — load: 0.00 0.02 0.00                                                                
                                                 │ │ ▐ line 14: 18:07:05 — load: 0.00 0.02 0.00                                                                
                                                 │ │ ▐ line 15: 18:07:05 — load: 0.00 0.02 0.00                                                                
                                                 │ │ ▐ line 16: 18:07:05 — load: 0.00 0.02 0.00                                                                
                                                 │ │ ▐ line 17: 18:07:06 — load: 0.00 0.02 0.00                                                                
                                                 │ │ ▐ line 18: 18:07:06 — load: 0.00 0.02 0.00                                                                
                                                 │ │ ▐ line 19: 18:07:06 — load: 0.00 0.02 0.00                                                                
                                                 │ │ ▐ line 20: 18:07:07 — load: 0.00 0.02 0.00                                                                
                                                 │ │ ╌╌╌╌╌╌╌╌╌╌╌╌╌╌╌╌╌╌╌╌╌╌╌╌╌╌╌╌╌╌╌╌╌╌╌╌╌╌╌╌╌╌╌╌╌╌╌╌╌╌╌╌╌╌╌╌╌╌╌╌╌╌╌╌╌╌╌╌╌╌╌╌╌╌╌╌╌╌╌╌╌╌╌╌╌╌╌╌╌╌╌╌╌╌╌╌╌╌╌╌ 9.81s
                                                 │ │ ✓ sleep 0.3                                                                                               
                                                 │ │       ↻ sleep 0.3                                                                      [×20]  ~0.29s/iter 
                                                 │ │ ╌╌╌╌╌╌╌╌╌╌╌╌╌╌╌╌╌╌╌╌╌╌╌╌╌╌╌╌╌╌╌╌╌╌╌╌╌╌╌╌╌╌╌╌╌╌╌╌╌╌╌╌╌╌╌╌╌╌╌╌╌╌╌╌╌╌╌╌╌╌╌╌╌╌╌╌╌╌╌╌╌╌╌╌╌╌╌╌╌╌╌╌╌╌╌╌╌╌╌ 10.09s
                                                 │ │ ✓ echo "stream complete"                                                                                  
                                                 │ │ ▐ stream complete                                                                                         
                                                 │ │ ▐                                                                                                         
                                                 │ │ ╌╌╌╌╌╌╌╌╌╌╌╌╌╌╌╌╌╌╌╌╌╌╌╌╌╌╌╌╌╌╌╌╌╌╌╌╌╌╌╌╌╌╌╌╌╌╌╌╌╌╌╌╌╌╌╌╌╌╌╌╌╌╌╌╌╌╌╌╌╌╌╌╌╌╌╌╌╌╌╌╌╌╌╌╌╌╌╌╌╌╌╌╌╌╌╌╌╌╌ 14.49s
                                                 │ └─ ✓                                                                                                        
 [j/k]nav  [C-d/u]scroll  [d]detail  [tab]layout  [z]zoom  [/]search  [esc]list  [q]uit  1/1  100% 