 shellkit logs 1 entries  [unified]
 call:simple-s  step:net-check  → host-1  09:59:52  4.2s
▎  OK  05-16 09:59 4.2s                          │ ┌─ net-check [ssh] → host-1 ✓ 4.2s                                                                          
▎ net-check [ssh] → host-1                       │ │ {"ssh": "host-1", "timeout": 10}                                                                          
▎ uptime                                         │ │ ✓ uptime                                                                                                  
──────────────────────────────────────────────── │ │ ▐  17:59:56 up 95 days, 23:18,  2 users,  load average: 0.07, 0.02, 0.00                                  
                                                 │ │ ╌╌╌╌╌╌╌╌╌╌╌╌╌╌╌╌╌╌╌╌╌╌╌╌╌╌╌╌╌╌╌╌╌╌╌╌╌╌╌╌╌╌╌╌╌╌╌╌╌╌╌╌╌╌╌╌╌╌╌╌╌╌╌╌╌╌╌╌╌╌╌╌╌╌╌╌╌╌╌╌╌╌╌╌╌╌╌╌╌╌╌╌╌╌╌╌╌╌╌╌ 4.19s
                                                 │ │ ✓ free -h | head -3                                                                                       
                                                 │ │       ✓ free -h                                                                                   (+0.00s)
                                                 │ │     | ✓ head -3                                                                                   (+0.00s)
                                                 │ │ ▐                total        used        free      shared  buff/cache   available                        
                                                 │ │ ▐ Mem:            11Gi       1.3Gi       991Mi       1.3Mi       9.7Gi        10Gi                        
                                                 │ │ ▐ Swap:           87Gi          0B        87Gi                                                            
                                                 │ │ ╌╌╌╌╌╌╌╌╌╌╌╌╌╌╌╌╌╌╌╌╌╌╌╌╌╌╌╌╌╌╌╌╌╌╌╌╌╌╌╌╌╌╌╌╌╌╌╌╌╌╌╌╌╌╌╌╌╌╌╌╌╌╌╌╌╌╌╌╌╌╌╌╌╌╌╌╌╌╌╌╌╌╌╌╌╌╌╌╌╌╌╌╌╌╌╌╌╌╌╌ 4.19s
                                                 │ │ ✓ ip -4 addr show | grep "inet " | head -5                                                                
                                                 │ │       ✓ ip -4 addr show                                                                           (+0.00s)
                                                 │ │     | ✓ grep "inet "                                                                              (+0.00s)
                                                 │ │     | ✓ head -5                                                                                   (+0.00s)
                                                 │ │ ▐     inet 127.0.0.1/8 scope host lo                                                                      
                                                 │ │ ▐     inet 172.18.0.12/24 brd 172.18.0.255 scope global eth0                                              
                                                 │ │ ▐     inet 172.17.0.1/16 brd 172.17.255.255 scope global docker0                                          
                                                 │ │ ▐     inet 172.19.0.1/16 brd 172.19.255.255 scope global br-b82573629b72                                  
                                                 │ │ ▐     inet 10.42.15.1/24 brd 10.42.15.255 scope global cni0                                               
                                                 │ │ ╌╌╌╌╌╌╌╌╌╌╌╌╌╌╌╌╌╌╌╌╌╌╌╌╌╌╌╌╌╌╌╌╌╌╌╌╌╌╌╌╌╌╌╌╌╌╌╌╌╌╌╌╌╌╌╌╌╌╌╌╌╌╌╌╌╌╌╌╌╌╌╌╌╌╌╌╌╌╌╌╌╌╌╌╌╌╌╌╌╌╌╌╌╌╌╌╌╌╌╌ 4.20s
                                                 │ │ ✓ echo "---"                                                                                              
                                                 │ │ ▐ ---                                                                                                     
                                                 │ │ ╌╌╌╌╌╌╌╌╌╌╌╌╌╌╌╌╌╌╌╌╌╌╌╌╌╌╌╌╌╌╌╌╌╌╌╌╌╌╌╌╌╌╌╌╌╌╌╌╌╌╌╌╌╌╌╌╌╌╌╌╌╌╌╌╌╌╌╌╌╌╌╌╌╌╌╌╌╌╌╌╌╌╌╌╌╌╌╌╌╌╌╌╌╌╌╌╌╌╌╌ 4.20s
                                                 │ │ ✓ ps aux | grep -c '[n]ginx' || true                                                                      
                                                 │ │       ✓ ps aux                                                                                    (+0.00s)
                                                 │ │     | ✓ grep -c '[n]ginx'                                                                         (+0.01s)
                                                 │ │     ||✓ true                                                                                      (+4.23s)
                                                 │ │ ▐ 0                                                                                                       
                                                 │ │ ▐                                                                                                         
                                                 │ │ ╌╌╌╌╌╌╌╌╌╌╌╌╌╌╌╌╌╌╌╌╌╌╌╌╌╌╌╌╌╌╌╌╌╌╌╌╌╌╌╌╌╌╌╌╌╌╌╌╌╌╌╌╌╌╌╌╌╌╌╌╌╌╌╌╌╌╌╌╌╌╌╌╌╌╌╌╌╌╌╌╌╌╌╌╌╌╌╌╌╌╌╌╌╌╌╌╌╌╌╌ 8.43s
                                                 │ └─ ✓                                                                                                        
                                                 │                                                                                                             
                                                 │                                                                                                             
                                                 │                                                                                                             
                                                 │                                                                                                             
 [j/k]nav  [C-d/u]scroll  [tab]layout  [z]zoom  [/]search  [esc]list  [q]uit  1/1 